Microchip MPLAB XC8 Compiler V2.36

Linker command line:

-W-3 --edf=C:\Program Files\Microchip\xc8\v2.36\pic\dat\en_msgs.txt -cn \
  -h+dist/default/production\can_read.X.production.sym \
  --cmf=dist/default/production\can_read.X.production.cmf -z -Q18F458 \
  -oC:\Users\sb69591\AppData\Local\Temp\xcAsfuo.4 --defsym=__MPLAB_BUILD=1 \
  -Mdist/default/production/can_read.X.production.map \
  --md=C:\Users\sb69591\AppData\Local\Temp\xcAsfuo.dat -E1 \
  -ver=XC8 Compiler --acfsm=1493 -ACODE=00h-03FFFhx2 -ACONST=00h-07FFFh \
  -ASMALLCONST=0600h-06FFhx122 -AMEDIUMCONST=0600h-07FFFh -ACOMRAM=01h-05Fh \
  -AABS1=00h-05FFh -ABIGRAM=01h-05FFh -ARAM=060h-0FFh,0100h-01FFhx5 \
  -ABANK0=060h-0FFh -ABANK1=0100h-01FFh -ABANK2=0200h-02FFh \
  -ABANK3=0300h-03FFh -ABANK4=0400h-04FFh -ABANK5=0500h-05FFh \
  -ASFR=0F00h-0F5Fh,0F60h-0FFFh -ABIGSFR=0F00h-0FFFh \
  -ACONFIG=0300000h-030000Dh -AIDLOC=0200000h-0200007h \
  -AEEDATA=0F00000h-0F000FFh -peeprom_data=EEDATA \
  -preset_vec=00h,intcode=08h,intcodelo,powerup,init -pramtop=0600h \
  -psmallconst=SMALLCONST -pmediumconst=MEDIUMCONST -pconst=CONST \
  -AFARRAM=00h-00h \
  -prdata=COMRAM,nvrram=COMRAM,nvbit=COMRAM,rbss=COMRAM,rbit=COMRAM \
  -pfarbss=FARRAM,fardata=FARRAM,nvFARRAM=FARRAM \
  -pintsave_regs=BIGRAM,bigbss=BIGRAM,bigdata=BIGRAM -pbss=RAM \
  -pidata=CODE,irdata=CODE,ibigdata=CODE,ifardata=CODE -prparam=COMRAM \
  C:\Users\sb69591\AppData\Local\Temp\xcAsfuo.o \
  dist/default/production\can_read.X.production.o 

Object code version is 3.11

Machine type is 18F458



                Name                               Link     Load   Length Selector   Space Scale
C:\Users\sb69591\AppData\Local\Temp\xcAsfuo.o
                idloc                            200000   200000        8        0       5
                config                           300000   300000        E        0       4
                text                                A04      A04        2      306       0
                init                                 30       30        4        4       0
                reset_vec                             0        0        6        0       0
dist/default/production\can_read.X.production.o
                intcode                               8        8       28        4       0
                idloc                            200000   200000        8        0       5
                config                           300000   300000        E        0       4
                temp                                 19       19        1        1       1
                smallconst                          600      600        C      300       0
                text9                               9B0      9B0       22      306       0
                text7                               9FA      9FA        A      306       0
                text6                               968      968       26      306       0
                text5                               8F6      8F6       72      306       0
                text4                               60C      60C      17E      306       0
                text3                               78A      78A       D8      306       0
                text2                               9F0      9F0        A      306       0
                text1                               98E      98E       22      306       0
                text0                               862      862       94      306       0
                cstackCOMRAM                          E        E        B        1       1
                bssCOMRAM                             1        1        D        1       1
                cinit                               9D2      9D2       1E      306       0

TOTAL           Name                               Link     Load   Length     Space
        CLASS   CODE           
                intcode                               8        8       28         0
                text                                A04      A04        2         0
                init                                 30       30        4         0
                reset_vec                             0        0        6         0
                text9                               9B0      9B0       22         0
                text7                               9FA      9FA        A         0
                text6                               968      968       26         0
                text5                               8F6      8F6       72         0
                text4                               60C      60C      17E         0
                text3                               78A      78A       D8         0
                text2                               9F0      9F0        A         0
                text1                               98E      98E       22         0
                text0                               862      862       94         0
                cinit                               9D2      9D2       1E         0

        CLASS   CONST          

        CLASS   SMALLCONST     
                smallconst                          600      600        C         0

        CLASS   MEDIUMCONST    

        CLASS   COMRAM         
                temp                                 19       19        1         1
                cstackCOMRAM                          E        E        B         1
                bssCOMRAM                             1        1        D         1

        CLASS   ABS1           

        CLASS   BIGRAM         

        CLASS   RAM            

        CLASS   BANK0          

        CLASS   BANK1          

        CLASS   BANK2          

        CLASS   BANK3          

        CLASS   BANK4          

        CLASS   BANK5          

        CLASS   SFR            

        CLASS   BIGSFR         

        CLASS   CONFIG         
                config                           300000   300000        E         4

        CLASS   IDLOC          
                idloc                            200000   200000        8         5

        CLASS   EEDATA         

        CLASS   FARRAM         

        CLASS   HEAP           

        CLASS   STACK          



SEGMENTS        Name                           Load    Length   Top    Selector   Space  Class

                reset_vec                      000000  000006  000006         0       0  CODE    
                bssCOMRAM                      000001  000019  00001A         1       1  COMRAM  
                intcode                        000008  00002C  000034         4       0  CODE    
                smallconst                     000600  00000C  00060C       300       0  SMALLCON
                text4                          00060C  0003FA  000A06       306       0  CODE    


UNUSED ADDRESS RANGES

        Name                Unused          Largest block    Delta
        BANK0            000060-0000FF               A0
        BANK1            000100-0001FF              100
        BANK2            000200-0002FF              100
        BANK3            000300-0003FF              100
        BANK4            000400-0004FF              100
        BANK5            000500-0005FF              100
        BIGRAM           00001A-0005FF              5E6
        BIGSFR           000F00-000FFF              100
        CODE             000006-000007                2
                         000034-0005FF              5CC
                         000A06-007FFF             35FA
        COMRAM           00001A-00005F               46
        CONST            000006-000007                2
                         000034-0005FF              5CC
                         000A06-007FFF             75FA
        EEDATA           F00000-F000FF              100
        MEDIUMCONST      000A06-007FFF             75FA
        RAM              000060-0005FF              100
        SFR              000F00-000FFF               60
        SMALLCONST       000A06-007FFF              100

                                  Symbol Table

CAN_Send_msg@DLC                                               cstackCOMRAM 000010
CAN_Send_msg@ID                                                cstackCOMRAM 000011
CAN_Send_msg@data                                              cstackCOMRAM 000013
CAN_Send_msg@type                                              cstackCOMRAM 000018
CAN_set_baud@baud                                              cstackCOMRAM 000010
_BRGCON1                                                       (abs)        000F70
_BRGCON2                                                       (abs)        000F71
_BRGCON3                                                       (abs)        000F72
_CANCON                                                        (abs)        000F6F
_CANSTAT                                                       (abs)        000F6E
_CAN_Init                                                      text7        0009FA
_CAN_RX_Buff                                                   bssCOMRAM    000001
_CAN_RX_Config                                                 text6        000968
_CAN_RX_DLC                                                    bssCOMRAM    000009
_CAN_RX_FLAG                                                   bssCOMRAM    00000D
_CAN_RX_ID                                                     bssCOMRAM    00000B
_CAN_Read                                                      text5        0008F6
_CAN_Send_msg                                                  text4        00060C
_CAN_set_baud                                                  text3        00078A
_CIOCON                                                        (abs)        000F73
_GIE                                                           (abs)        007F97
_IPR3bits                                                      (abs)        000FA5
_ISR1                                                          intcode      000008
_PEIE                                                          (abs)        007F96
_PIE3bits                                                      (abs)        000FA3
_PIR3bits                                                      (abs)        000FA4
_PORTBbits                                                     (abs)        000F81
_RXB0CONbits                                                   (abs)        000F60
_RXB0D0                                                        (abs)        000F66
_RXB0D1                                                        (abs)        000F67
_RXB0D2                                                        (abs)        000F68
_RXB0D3                                                        (abs)        000F69
_RXB0D4                                                        (abs)        000F6A
_RXB0D5                                                        (abs)        000F6B
_RXB0D6                                                        (abs)        000F6C
_RXB0D7                                                        (abs)        000F6D
_RXB0DLC                                                       (abs)        000F65
_RXB0SIDH                                                      (abs)        000F61
_RXB0SIDL                                                      (abs)        000F62
_RXF0SIDH                                                      (abs)        000F00
_RXF0SIDL                                                      (abs)        000F01
_RXM0SIDH                                                      (abs)        000F18
_RXM0SIDL                                                      (abs)        000F19
_System_Init                                                   text2        0009F0
_TRISBbits                                                     (abs)        000F93
_TXB0CON                                                       (abs)        000F40
_TXB0D0                                                        (abs)        000F46
_TXB0D1                                                        (abs)        000F47
_TXB0D2                                                        (abs)        000F48
_TXB0D3                                                        (abs)        000F49
_TXB0D4                                                        (abs)        000F4A
_TXB0D5                                                        (abs)        000F4B
_TXB0D6                                                        (abs)        000F4C
_TXB0D7                                                        (abs)        000F4D
_TXB0DLC                                                       (abs)        000F45
_TXB0SIDH                                                      (abs)        000F41
_TXB0SIDL                                                      (abs)        000F42
__HRAM                                                         (abs)        000000
__Habs1                                                        abs1         000000
__Hbank0                                                       bank0        000000
__Hbank1                                                       bank1        000000
__Hbank2                                                       bank2        000000
__Hbank3                                                       bank3        000000
__Hbank4                                                       bank4        000000
__Hbank5                                                       bank5        000000
__Hbigbss                                                      bigbss       000000
__Hbigdata                                                     bigdata      000000
__Hbigram                                                      bigram       000000
__Hbigsfr                                                      bigsfr       000000
__Hbss                                                         bss          000000
__HbssCOMRAM                                                   bssCOMRAM    000000
__Hcinit                                                       cinit        000000
__Hclrtext                                                     clrtext      000000
__Hcomram                                                      comram       000000
__Hconfig                                                      config       30000E
__Hconst                                                       const        000000
__HcstackCOMRAM                                                cstackCOMRAM 000000
__Hdata                                                        data         000000
__Heeprom_data                                                 eeprom_data  000000
__Hfarbss                                                      farbss       000000
__Hfardata                                                     fardata      000000
__Hheap                                                        heap         000000
__Hibigdata                                                    ibigdata     000000
__Hidata                                                       idata        000000
__Hidloc                                                       idloc        200008
__Hifardata                                                    ifardata     000000
__Hinit                                                        init         000034
__Hintcode                                                     intcode      000030
__Hintcode_body                                                intcode_body 000000
__Hintcodelo                                                   intcodelo    000030
__Hintentry                                                    intentry     000000
__Hintret                                                      intret       000000
__Hintsave_regs                                                intsave_regs 000000
__Hirdata                                                      irdata       000000
__Hmediumconst                                                 mediumconst  000000
__HnvFARRAM                                                    nvFARRAM     000000
__Hnvbit                                                       nvbit        000000
__Hnvrram                                                      nvrram       000000
__Hparam                                                       rparam       000000
__Hpowerup                                                     powerup      000030
__Hram                                                         ram          000000
__Hramtop                                                      ramtop       000600
__Hrbit                                                        rbit         000000
__Hrbss                                                        rbss         000000
__Hrdata                                                       rdata        000000
__Hreset_vec                                                   reset_vec    000006
__Hrparam                                                      rparam       000000
__Hsfr                                                         sfr          000000
__Hsmallconst                                                  smallconst   00060C
__Hspace_0                                                     (abs)        000A06
__Hspace_1                                                     (abs)        00001A
__Hspace_2                                                     (abs)        000000
__Hspace_4                                                     (abs)        60000E
__Hstack                                                       stack        000000
__Hstruct                                                      struct       000000
__Htemp                                                        temp         00001A
__Htext                                                        text         000000
__Htext0                                                       text0        000000
__Htext1                                                       text1        000000
__Htext2                                                       text2        000000
__Htext3                                                       text3        000000
__Htext4                                                       text4        000000
__Htext5                                                       text5        000000
__Htext6                                                       text6        000000
__Htext7                                                       text7        000000
__Htext9                                                       text9        000000
__LRAM                                                         (abs)        000001
__Labs1                                                        abs1         000000
__Lbank0                                                       bank0        000000
__Lbank1                                                       bank1        000000
__Lbank2                                                       bank2        000000
__Lbank3                                                       bank3        000000
__Lbank4                                                       bank4        000000
__Lbank5                                                       bank5        000000
__Lbigbss                                                      bigbss       000000
__Lbigdata                                                     bigdata      000000
__Lbigram                                                      bigram       000000
__Lbigsfr                                                      bigsfr       000000
__Lbss                                                         bss          000000
__LbssCOMRAM                                                   bssCOMRAM    000000
__Lcinit                                                       cinit        000000
__Lclrtext                                                     clrtext      000000
__Lcomram                                                      comram       000000
__Lconfig                                                      config       000000
__Lconst                                                       const        000000
__LcstackCOMRAM                                                cstackCOMRAM 000000
__Ldata                                                        data         000000
__Leeprom_data                                                 eeprom_data  000000
__Lfarbss                                                      farbss       000000
__Lfardata                                                     fardata      000000
__Lheap                                                        heap         000000
__Libigdata                                                    ibigdata     000000
__Lidata                                                       idata        000000
__Lidloc                                                       idloc        000000
__Lifardata                                                    ifardata     000000
__Linit                                                        init         000030
__Lintcode                                                     intcode      000008
__Lintcode_body                                                intcode_body 000000
__Lintcodelo                                                   intcodelo    000030
__Lintentry                                                    intentry     000000
__Lintret                                                      intret       000000
__Lintsave_regs                                                intsave_regs 000000
__Lirdata                                                      irdata       000000
__Lmediumconst                                                 mediumconst  000000
__LnvFARRAM                                                    nvFARRAM     000000
__Lnvbit                                                       nvbit        000000
__Lnvrram                                                      nvrram       000000
__Lparam                                                       rparam       000000
__Lpowerup                                                     powerup      000030
__Lram                                                         ram          000000
__Lramtop                                                      ramtop       000600
__Lrbit                                                        rbit         000000
__Lrbss                                                        rbss         000000
__Lrdata                                                       rdata        000000
__Lreset_vec                                                   reset_vec    000000
__Lrparam                                                      rparam       000000
__Lsfr                                                         sfr          000000
__Lsmallconst                                                  smallconst   000600
__Lspace_0                                                     (abs)        000000
__Lspace_1                                                     (abs)        000000
__Lspace_2                                                     (abs)        000000
__Lspace_4                                                     (abs)        000000
__Lstack                                                       stack        000000
__Lstruct                                                      struct       000000
__Ltemp                                                        temp         000019
__Ltext                                                        text         000000
__Ltext0                                                       text0        000000
__Ltext1                                                       text1        000000
__Ltext2                                                       text2        000000
__Ltext3                                                       text3        000000
__Ltext4                                                       text4        000000
__Ltext5                                                       text5        000000
__Ltext6                                                       text6        000000
__Ltext7                                                       text7        000000
__Ltext9                                                       text9        000000
__S0                                                           (abs)        000A06
__S1                                                           (abs)        00001A
__S4                                                           (abs)        000000
__S5                                                           (abs)        000000
___heap_hi                                                     (abs)        000000
___heap_lo                                                     (abs)        000000
___inthi_sp                                                    stack        000000
___intlo_sp                                                    stack        000000
___param_bank                                                  (abs)        000000
___rparam_used                                                 (abs)        000001
___sp                                                          stack        000000
__accesstop                                                    (abs)        000060
__activetblptr                                                 (abs)        000001
__cntErrataNOP_C:\Users\sb69591\AppData\Local\Temp\xcAsfuo.o   (abs)        000001
__cntErrataNOP_dist/default/production\can_read.X.production.o (abs)        00003D
__end_of_CAN_Init                                              text7        000A04
__end_of_CAN_RX_Config                                         text6        00098E
__end_of_CAN_Read                                              text5        000968
__end_of_CAN_Send_msg                                          text4        00078A
__end_of_CAN_set_baud                                          text3        000862
__end_of_ISR1                                                  intcode      000030
__end_of_System_Init                                           text2        0009FA
__end_of__initialization                                       cinit        0009DE
__end_of_led_blink                                             text1        0009B0
__end_of_main                                                  text0        0008F6
__end_ofi2_led_blink                                           text9        0009D2
__initialization                                               cinit        0009D2
__mediumconst                                                  mediumconst  000000
__pbssCOMRAM                                                   bssCOMRAM    000001
__pcinit                                                       cinit        0009D2
__pcstackCOMRAM                                                cstackCOMRAM 00000E
__pintcode                                                     intcode      000008
__psmallconst                                                  smallconst   000600
__ptext0                                                       text0        000862
__ptext1                                                       text1        00098E
__ptext2                                                       text2        0009F0
__ptext3                                                       text3        00078A
__ptext4                                                       text4        00060C
__ptext5                                                       text5        0008F6
__ptext6                                                       text6        000968
__ptext7                                                       text7        0009FA
__ptext9                                                       text9        0009B0
__ramtop                                                       ramtop       000600
__smallconst                                                   smallconst   000600
_led_blink                                                     text1        00098E
_main                                                          text0        000862
btemp                                                          temp         000019
end_of_initialization                                          cinit        0009DE
i2_led_blink                                                   text9        0009B0
int$flags                                                      temp         000019
intlevel0                                                      text         000A04
intlevel1                                                      text         000A04
intlevel2                                                      text         000A04
intlevel3                                                      text         000A04
isa$std                                                        (abs)        000001
isa$xinst                                                      (abs)        000000
stackhi                                                        (abs)        000000
stacklo                                                        (abs)        000000
start                                                          init         000030
start_initialization                                           cinit        0009D2
ttemp5                                                         temp         00001A
ttemp6                                                         temp         00001D
ttemp7                                                         temp         000021
wtemp8                                                         temp         00001A


MODULE INFORMATION

Module		Function		Class		Link	Load	Size
./can_header.h
		_CAN_set_baud  		CODE           	078A	0000	216
		_led_blink     		CODE           	098E	0000	34
		_CAN_Read      		CODE           	08F6	0000	114
		_CAN_Init      		CODE           	09FA	0000	10
		_CAN_Send_msg  		CODE           	060C	0000	382
		_CAN_RX_Config 		CODE           	0968	0000	38
		_System_Init   		CODE           	09F0	0000	10

./can_header.h estimated size: 804

shared
		i2_led_blink   		CODE           	09B0	0000	34
		__initialization		CODE           	09D2	0000	12

shared estimated size: 46

main.c
		_main          		CODE           	0862	0000	148
		_ISR1          		CODE           	0008	0000	40

main.c estimated size: 188

